// Jest Snapshot v1, https://goo.gl/fbAQLP

exports[`Given: DEFAULT_RESULT .runFaceAnalysis/2 Given: defaultFaceAnalysis 1`] = `
{
  "analysis": {
    "coordinates": {
      "axis": {
        "x": [
          -0.45,
          -0.3,
          -0.15,
          0,
          0.15,
          0.3,
          0.45,
        ],
        "y": [
          -0.3,
          -0.15,
          0,
          0.15,
          0.3,
        ],
        "z": [
          0,
        ],
      },
      "confidence": {
        "min": {
          "face": 0.7,
        },
      },
      "tolerance": {
        "x": 0.1,
        "y": 0.1,
        "z": 0.5,
      },
    },
    "vectors": [
      {
        "index": {
          "x": 0,
          "y": 0,
          "z": 0,
        },
        "label": "x:-45° y:-30° z:0°",
        "origin": {
          "x": -0.45,
          "y": -0.3,
          "z": 0,
        },
        "tolerance": {
          "x": 0.1,
          "y": 0.1,
          "z": 0.5,
        },
      },
      {
        "index": {
          "x": 0,
          "y": 1,
          "z": 0,
        },
        "label": "x:-45° y:-15° z:0°",
        "origin": {
          "x": -0.45,
          "y": -0.15,
          "z": 0,
        },
        "tolerance": {
          "x": 0.1,
          "y": 0.1,
          "z": 0.5,
        },
      },
      {
        "index": {
          "x": 0,
          "y": 2,
          "z": 0,
        },
        "label": "x:-45° y:0° z:0°",
        "origin": {
          "x": -0.45,
          "y": 0,
          "z": 0,
        },
        "tolerance": {
          "x": 0.1,
          "y": 0.1,
          "z": 0.5,
        },
      },
      {
        "index": {
          "x": 0,
          "y": 3,
          "z": 0,
        },
        "label": "x:-45° y:15° z:0°",
        "origin": {
          "x": -0.45,
          "y": 0.15,
          "z": 0,
        },
        "tolerance": {
          "x": 0.1,
          "y": 0.1,
          "z": 0.5,
        },
      },
      {
        "index": {
          "x": 0,
          "y": 4,
          "z": 0,
        },
        "label": "x:-45° y:30° z:0°",
        "origin": {
          "x": -0.45,
          "y": 0.3,
          "z": 0,
        },
        "tolerance": {
          "x": 0.1,
          "y": 0.1,
          "z": 0.5,
        },
      },
      {
        "index": {
          "x": 1,
          "y": 0,
          "z": 0,
        },
        "label": "x:-30° y:-30° z:0°",
        "origin": {
          "x": -0.3,
          "y": -0.3,
          "z": 0,
        },
        "tolerance": {
          "x": 0.1,
          "y": 0.1,
          "z": 0.5,
        },
      },
      {
        "index": {
          "x": 1,
          "y": 1,
          "z": 0,
        },
        "label": "x:-30° y:-15° z:0°",
        "origin": {
          "x": -0.3,
          "y": -0.15,
          "z": 0,
        },
        "tolerance": {
          "x": 0.1,
          "y": 0.1,
          "z": 0.5,
        },
      },
      {
        "index": {
          "x": 1,
          "y": 2,
          "z": 0,
        },
        "label": "x:-30° y:0° z:0°",
        "origin": {
          "x": -0.3,
          "y": 0,
          "z": 0,
        },
        "tolerance": {
          "x": 0.1,
          "y": 0.1,
          "z": 0.5,
        },
      },
      {
        "index": {
          "x": 1,
          "y": 3,
          "z": 0,
        },
        "label": "x:-30° y:15° z:0°",
        "origin": {
          "x": -0.3,
          "y": 0.15,
          "z": 0,
        },
        "tolerance": {
          "x": 0.1,
          "y": 0.1,
          "z": 0.5,
        },
      },
      {
        "index": {
          "x": 1,
          "y": 4,
          "z": 0,
        },
        "label": "x:-30° y:30° z:0°",
        "origin": {
          "x": -0.3,
          "y": 0.3,
          "z": 0,
        },
        "tolerance": {
          "x": 0.1,
          "y": 0.1,
          "z": 0.5,
        },
      },
      {
        "index": {
          "x": 2,
          "y": 0,
          "z": 0,
        },
        "label": "x:-15° y:-30° z:0°",
        "origin": {
          "x": -0.15,
          "y": -0.3,
          "z": 0,
        },
        "tolerance": {
          "x": 0.1,
          "y": 0.1,
          "z": 0.5,
        },
      },
      {
        "index": {
          "x": 2,
          "y": 1,
          "z": 0,
        },
        "label": "x:-15° y:-15° z:0°",
        "origin": {
          "x": -0.15,
          "y": -0.15,
          "z": 0,
        },
        "tolerance": {
          "x": 0.1,
          "y": 0.1,
          "z": 0.5,
        },
      },
      {
        "index": {
          "x": 2,
          "y": 2,
          "z": 0,
        },
        "label": "x:-15° y:0° z:0°",
        "origin": {
          "x": -0.15,
          "y": 0,
          "z": 0,
        },
        "tolerance": {
          "x": 0.1,
          "y": 0.1,
          "z": 0.5,
        },
      },
      {
        "index": {
          "x": 2,
          "y": 3,
          "z": 0,
        },
        "label": "x:-15° y:15° z:0°",
        "origin": {
          "x": -0.15,
          "y": 0.15,
          "z": 0,
        },
        "tolerance": {
          "x": 0.1,
          "y": 0.1,
          "z": 0.5,
        },
      },
      {
        "index": {
          "x": 2,
          "y": 4,
          "z": 0,
        },
        "label": "x:-15° y:30° z:0°",
        "origin": {
          "x": -0.15,
          "y": 0.3,
          "z": 0,
        },
        "tolerance": {
          "x": 0.1,
          "y": 0.1,
          "z": 0.5,
        },
      },
      {
        "index": {
          "x": 3,
          "y": 0,
          "z": 0,
        },
        "label": "x:0° y:-30° z:0°",
        "origin": {
          "x": 0,
          "y": -0.3,
          "z": 0,
        },
        "tolerance": {
          "x": 0.1,
          "y": 0.1,
          "z": 0.5,
        },
      },
      {
        "index": {
          "x": 3,
          "y": 1,
          "z": 0,
        },
        "label": "x:0° y:-15° z:0°",
        "origin": {
          "x": 0,
          "y": -0.15,
          "z": 0,
        },
        "tolerance": {
          "x": 0.1,
          "y": 0.1,
          "z": 0.5,
        },
      },
      {
        "index": {
          "x": 3,
          "y": 2,
          "z": 0,
        },
        "label": "x:0° y:0° z:0°",
        "origin": {
          "x": 0,
          "y": 0,
          "z": 0,
        },
        "tolerance": {
          "x": 0.1,
          "y": 0.1,
          "z": 0.5,
        },
      },
      {
        "index": {
          "x": 3,
          "y": 3,
          "z": 0,
        },
        "label": "x:0° y:15° z:0°",
        "origin": {
          "x": 0,
          "y": 0.15,
          "z": 0,
        },
        "tolerance": {
          "x": 0.1,
          "y": 0.1,
          "z": 0.5,
        },
      },
      {
        "index": {
          "x": 3,
          "y": 4,
          "z": 0,
        },
        "label": "x:0° y:30° z:0°",
        "origin": {
          "x": 0,
          "y": 0.3,
          "z": 0,
        },
        "tolerance": {
          "x": 0.1,
          "y": 0.1,
          "z": 0.5,
        },
      },
      {
        "index": {
          "x": 4,
          "y": 0,
          "z": 0,
        },
        "label": "x:15° y:-30° z:0°",
        "origin": {
          "x": 0.15,
          "y": -0.3,
          "z": 0,
        },
        "tolerance": {
          "x": 0.1,
          "y": 0.1,
          "z": 0.5,
        },
      },
      {
        "index": {
          "x": 4,
          "y": 1,
          "z": 0,
        },
        "label": "x:15° y:-15° z:0°",
        "origin": {
          "x": 0.15,
          "y": -0.15,
          "z": 0,
        },
        "tolerance": {
          "x": 0.1,
          "y": 0.1,
          "z": 0.5,
        },
      },
      {
        "index": {
          "x": 4,
          "y": 2,
          "z": 0,
        },
        "label": "x:15° y:0° z:0°",
        "origin": {
          "x": 0.15,
          "y": 0,
          "z": 0,
        },
        "tolerance": {
          "x": 0.1,
          "y": 0.1,
          "z": 0.5,
        },
      },
      {
        "index": {
          "x": 4,
          "y": 3,
          "z": 0,
        },
        "label": "x:15° y:15° z:0°",
        "origin": {
          "x": 0.15,
          "y": 0.15,
          "z": 0,
        },
        "tolerance": {
          "x": 0.1,
          "y": 0.1,
          "z": 0.5,
        },
      },
      {
        "index": {
          "x": 4,
          "y": 4,
          "z": 0,
        },
        "label": "x:15° y:30° z:0°",
        "origin": {
          "x": 0.15,
          "y": 0.3,
          "z": 0,
        },
        "tolerance": {
          "x": 0.1,
          "y": 0.1,
          "z": 0.5,
        },
      },
      {
        "index": {
          "x": 5,
          "y": 0,
          "z": 0,
        },
        "label": "x:30° y:-30° z:0°",
        "origin": {
          "x": 0.3,
          "y": -0.3,
          "z": 0,
        },
        "tolerance": {
          "x": 0.1,
          "y": 0.1,
          "z": 0.5,
        },
      },
      {
        "index": {
          "x": 5,
          "y": 1,
          "z": 0,
        },
        "label": "x:30° y:-15° z:0°",
        "origin": {
          "x": 0.3,
          "y": -0.15,
          "z": 0,
        },
        "tolerance": {
          "x": 0.1,
          "y": 0.1,
          "z": 0.5,
        },
      },
      {
        "index": {
          "x": 5,
          "y": 2,
          "z": 0,
        },
        "label": "x:30° y:0° z:0°",
        "origin": {
          "x": 0.3,
          "y": 0,
          "z": 0,
        },
        "tolerance": {
          "x": 0.1,
          "y": 0.1,
          "z": 0.5,
        },
      },
      {
        "index": {
          "x": 5,
          "y": 3,
          "z": 0,
        },
        "label": "x:30° y:15° z:0°",
        "origin": {
          "x": 0.3,
          "y": 0.15,
          "z": 0,
        },
        "tolerance": {
          "x": 0.1,
          "y": 0.1,
          "z": 0.5,
        },
      },
      {
        "index": {
          "x": 5,
          "y": 4,
          "z": 0,
        },
        "label": "x:30° y:30° z:0°",
        "origin": {
          "x": 0.3,
          "y": 0.3,
          "z": 0,
        },
        "tolerance": {
          "x": 0.1,
          "y": 0.1,
          "z": 0.5,
        },
      },
      {
        "index": {
          "x": 6,
          "y": 0,
          "z": 0,
        },
        "label": "x:45° y:-30° z:0°",
        "origin": {
          "x": 0.45,
          "y": -0.3,
          "z": 0,
        },
        "tolerance": {
          "x": 0.1,
          "y": 0.1,
          "z": 0.5,
        },
      },
      {
        "index": {
          "x": 6,
          "y": 1,
          "z": 0,
        },
        "label": "x:45° y:-15° z:0°",
        "origin": {
          "x": 0.45,
          "y": -0.15,
          "z": 0,
        },
        "tolerance": {
          "x": 0.1,
          "y": 0.1,
          "z": 0.5,
        },
      },
      {
        "index": {
          "x": 6,
          "y": 2,
          "z": 0,
        },
        "label": "x:45° y:0° z:0°",
        "origin": {
          "x": 0.45,
          "y": 0,
          "z": 0,
        },
        "tolerance": {
          "x": 0.1,
          "y": 0.1,
          "z": 0.5,
        },
      },
      {
        "index": {
          "x": 6,
          "y": 3,
          "z": 0,
        },
        "label": "x:45° y:15° z:0°",
        "origin": {
          "x": 0.45,
          "y": 0.15,
          "z": 0,
        },
        "tolerance": {
          "x": 0.1,
          "y": 0.1,
          "z": 0.5,
        },
      },
      {
        "index": {
          "x": 6,
          "y": 4,
          "z": 0,
        },
        "label": "x:45° y:30° z:0°",
        "origin": {
          "x": 0.45,
          "y": 0.3,
          "z": 0,
        },
        "tolerance": {
          "x": 0.1,
          "y": 0.1,
          "z": 0.5,
        },
      },
    ],
  },
  "disposeResults": [
    {
      "body": [],
      "error": null,
      "face": [
        {
          "annotations": {},
          "box": [
            100,
            100,
            200,
            200,
          ],
          "boxRaw": [
            0,
            0,
            0,
            0,
          ],
          "boxScore": 0.99,
          "faceScore": 0.99,
          "id": 1,
          "mesh": [],
          "meshRaw": [],
          "rotation": {
            "angle": {
              "pitch": -0.45,
              "roll": 0,
              "yaw": -0.3,
            },
            "gaze": {
              "bearing": 0,
              "strength": 0,
            },
            "matrix": [
              0,
              0,
              0,
              0,
              0,
              0,
              0,
              0,
              0,
            ],
          },
          "score": 0.99,
          "size": [
            0,
            0,
          ],
        },
      ],
      "gesture": [],
      "hand": [],
      "height": 0,
      "object": [],
      "performance": {},
      "persons": [],
      "timestamp": 0,
      "width": 0,
    },
  ],
}
`;
