// Jest Snapshot v1, https://goo.gl/fbAQLP

exports[`Given: DEFAULT_COORDINATES .castManifoldVectors/1 matches snapshot 1`] = `
[
  {
    "index": {
      "x": 0,
      "y": 0,
      "z": 0,
    },
    "label": "x:-45° y:-30° z:0°",
    "origin": {
      "x": -0.45,
      "y": -0.3,
      "z": 0,
    },
    "tolerance": {
      "x": 0.1,
      "y": 0.1,
      "z": 0.5,
    },
  },
  {
    "index": {
      "x": 0,
      "y": 1,
      "z": 0,
    },
    "label": "x:-45° y:-15° z:0°",
    "origin": {
      "x": -0.45,
      "y": -0.15,
      "z": 0,
    },
    "tolerance": {
      "x": 0.1,
      "y": 0.1,
      "z": 0.5,
    },
  },
  {
    "index": {
      "x": 0,
      "y": 2,
      "z": 0,
    },
    "label": "x:-45° y:0° z:0°",
    "origin": {
      "x": -0.45,
      "y": 0,
      "z": 0,
    },
    "tolerance": {
      "x": 0.1,
      "y": 0.1,
      "z": 0.5,
    },
  },
  {
    "index": {
      "x": 0,
      "y": 3,
      "z": 0,
    },
    "label": "x:-45° y:15° z:0°",
    "origin": {
      "x": -0.45,
      "y": 0.15,
      "z": 0,
    },
    "tolerance": {
      "x": 0.1,
      "y": 0.1,
      "z": 0.5,
    },
  },
  {
    "index": {
      "x": 0,
      "y": 4,
      "z": 0,
    },
    "label": "x:-45° y:30° z:0°",
    "origin": {
      "x": -0.45,
      "y": 0.3,
      "z": 0,
    },
    "tolerance": {
      "x": 0.1,
      "y": 0.1,
      "z": 0.5,
    },
  },
  {
    "index": {
      "x": 1,
      "y": 0,
      "z": 0,
    },
    "label": "x:-30° y:-30° z:0°",
    "origin": {
      "x": -0.3,
      "y": -0.3,
      "z": 0,
    },
    "tolerance": {
      "x": 0.1,
      "y": 0.1,
      "z": 0.5,
    },
  },
  {
    "index": {
      "x": 1,
      "y": 1,
      "z": 0,
    },
    "label": "x:-30° y:-15° z:0°",
    "origin": {
      "x": -0.3,
      "y": -0.15,
      "z": 0,
    },
    "tolerance": {
      "x": 0.1,
      "y": 0.1,
      "z": 0.5,
    },
  },
  {
    "index": {
      "x": 1,
      "y": 2,
      "z": 0,
    },
    "label": "x:-30° y:0° z:0°",
    "origin": {
      "x": -0.3,
      "y": 0,
      "z": 0,
    },
    "tolerance": {
      "x": 0.1,
      "y": 0.1,
      "z": 0.5,
    },
  },
  {
    "index": {
      "x": 1,
      "y": 3,
      "z": 0,
    },
    "label": "x:-30° y:15° z:0°",
    "origin": {
      "x": -0.3,
      "y": 0.15,
      "z": 0,
    },
    "tolerance": {
      "x": 0.1,
      "y": 0.1,
      "z": 0.5,
    },
  },
  {
    "index": {
      "x": 1,
      "y": 4,
      "z": 0,
    },
    "label": "x:-30° y:30° z:0°",
    "origin": {
      "x": -0.3,
      "y": 0.3,
      "z": 0,
    },
    "tolerance": {
      "x": 0.1,
      "y": 0.1,
      "z": 0.5,
    },
  },
  {
    "index": {
      "x": 2,
      "y": 0,
      "z": 0,
    },
    "label": "x:-15° y:-30° z:0°",
    "origin": {
      "x": -0.15,
      "y": -0.3,
      "z": 0,
    },
    "tolerance": {
      "x": 0.1,
      "y": 0.1,
      "z": 0.5,
    },
  },
  {
    "index": {
      "x": 2,
      "y": 1,
      "z": 0,
    },
    "label": "x:-15° y:-15° z:0°",
    "origin": {
      "x": -0.15,
      "y": -0.15,
      "z": 0,
    },
    "tolerance": {
      "x": 0.1,
      "y": 0.1,
      "z": 0.5,
    },
  },
  {
    "index": {
      "x": 2,
      "y": 2,
      "z": 0,
    },
    "label": "x:-15° y:0° z:0°",
    "origin": {
      "x": -0.15,
      "y": 0,
      "z": 0,
    },
    "tolerance": {
      "x": 0.1,
      "y": 0.1,
      "z": 0.5,
    },
  },
  {
    "index": {
      "x": 2,
      "y": 3,
      "z": 0,
    },
    "label": "x:-15° y:15° z:0°",
    "origin": {
      "x": -0.15,
      "y": 0.15,
      "z": 0,
    },
    "tolerance": {
      "x": 0.1,
      "y": 0.1,
      "z": 0.5,
    },
  },
  {
    "index": {
      "x": 2,
      "y": 4,
      "z": 0,
    },
    "label": "x:-15° y:30° z:0°",
    "origin": {
      "x": -0.15,
      "y": 0.3,
      "z": 0,
    },
    "tolerance": {
      "x": 0.1,
      "y": 0.1,
      "z": 0.5,
    },
  },
  {
    "index": {
      "x": 3,
      "y": 0,
      "z": 0,
    },
    "label": "x:0° y:-30° z:0°",
    "origin": {
      "x": 0,
      "y": -0.3,
      "z": 0,
    },
    "tolerance": {
      "x": 0.1,
      "y": 0.1,
      "z": 0.5,
    },
  },
  {
    "index": {
      "x": 3,
      "y": 1,
      "z": 0,
    },
    "label": "x:0° y:-15° z:0°",
    "origin": {
      "x": 0,
      "y": -0.15,
      "z": 0,
    },
    "tolerance": {
      "x": 0.1,
      "y": 0.1,
      "z": 0.5,
    },
  },
  {
    "index": {
      "x": 3,
      "y": 2,
      "z": 0,
    },
    "label": "x:0° y:0° z:0°",
    "origin": {
      "x": 0,
      "y": 0,
      "z": 0,
    },
    "tolerance": {
      "x": 0.1,
      "y": 0.1,
      "z": 0.5,
    },
  },
  {
    "index": {
      "x": 3,
      "y": 3,
      "z": 0,
    },
    "label": "x:0° y:15° z:0°",
    "origin": {
      "x": 0,
      "y": 0.15,
      "z": 0,
    },
    "tolerance": {
      "x": 0.1,
      "y": 0.1,
      "z": 0.5,
    },
  },
  {
    "index": {
      "x": 3,
      "y": 4,
      "z": 0,
    },
    "label": "x:0° y:30° z:0°",
    "origin": {
      "x": 0,
      "y": 0.3,
      "z": 0,
    },
    "tolerance": {
      "x": 0.1,
      "y": 0.1,
      "z": 0.5,
    },
  },
  {
    "index": {
      "x": 4,
      "y": 0,
      "z": 0,
    },
    "label": "x:15° y:-30° z:0°",
    "origin": {
      "x": 0.15,
      "y": -0.3,
      "z": 0,
    },
    "tolerance": {
      "x": 0.1,
      "y": 0.1,
      "z": 0.5,
    },
  },
  {
    "index": {
      "x": 4,
      "y": 1,
      "z": 0,
    },
    "label": "x:15° y:-15° z:0°",
    "origin": {
      "x": 0.15,
      "y": -0.15,
      "z": 0,
    },
    "tolerance": {
      "x": 0.1,
      "y": 0.1,
      "z": 0.5,
    },
  },
  {
    "index": {
      "x": 4,
      "y": 2,
      "z": 0,
    },
    "label": "x:15° y:0° z:0°",
    "origin": {
      "x": 0.15,
      "y": 0,
      "z": 0,
    },
    "tolerance": {
      "x": 0.1,
      "y": 0.1,
      "z": 0.5,
    },
  },
  {
    "index": {
      "x": 4,
      "y": 3,
      "z": 0,
    },
    "label": "x:15° y:15° z:0°",
    "origin": {
      "x": 0.15,
      "y": 0.15,
      "z": 0,
    },
    "tolerance": {
      "x": 0.1,
      "y": 0.1,
      "z": 0.5,
    },
  },
  {
    "index": {
      "x": 4,
      "y": 4,
      "z": 0,
    },
    "label": "x:15° y:30° z:0°",
    "origin": {
      "x": 0.15,
      "y": 0.3,
      "z": 0,
    },
    "tolerance": {
      "x": 0.1,
      "y": 0.1,
      "z": 0.5,
    },
  },
  {
    "index": {
      "x": 5,
      "y": 0,
      "z": 0,
    },
    "label": "x:30° y:-30° z:0°",
    "origin": {
      "x": 0.3,
      "y": -0.3,
      "z": 0,
    },
    "tolerance": {
      "x": 0.1,
      "y": 0.1,
      "z": 0.5,
    },
  },
  {
    "index": {
      "x": 5,
      "y": 1,
      "z": 0,
    },
    "label": "x:30° y:-15° z:0°",
    "origin": {
      "x": 0.3,
      "y": -0.15,
      "z": 0,
    },
    "tolerance": {
      "x": 0.1,
      "y": 0.1,
      "z": 0.5,
    },
  },
  {
    "index": {
      "x": 5,
      "y": 2,
      "z": 0,
    },
    "label": "x:30° y:0° z:0°",
    "origin": {
      "x": 0.3,
      "y": 0,
      "z": 0,
    },
    "tolerance": {
      "x": 0.1,
      "y": 0.1,
      "z": 0.5,
    },
  },
  {
    "index": {
      "x": 5,
      "y": 3,
      "z": 0,
    },
    "label": "x:30° y:15° z:0°",
    "origin": {
      "x": 0.3,
      "y": 0.15,
      "z": 0,
    },
    "tolerance": {
      "x": 0.1,
      "y": 0.1,
      "z": 0.5,
    },
  },
  {
    "index": {
      "x": 5,
      "y": 4,
      "z": 0,
    },
    "label": "x:30° y:30° z:0°",
    "origin": {
      "x": 0.3,
      "y": 0.3,
      "z": 0,
    },
    "tolerance": {
      "x": 0.1,
      "y": 0.1,
      "z": 0.5,
    },
  },
  {
    "index": {
      "x": 6,
      "y": 0,
      "z": 0,
    },
    "label": "x:45° y:-30° z:0°",
    "origin": {
      "x": 0.45,
      "y": -0.3,
      "z": 0,
    },
    "tolerance": {
      "x": 0.1,
      "y": 0.1,
      "z": 0.5,
    },
  },
  {
    "index": {
      "x": 6,
      "y": 1,
      "z": 0,
    },
    "label": "x:45° y:-15° z:0°",
    "origin": {
      "x": 0.45,
      "y": -0.15,
      "z": 0,
    },
    "tolerance": {
      "x": 0.1,
      "y": 0.1,
      "z": 0.5,
    },
  },
  {
    "index": {
      "x": 6,
      "y": 2,
      "z": 0,
    },
    "label": "x:45° y:0° z:0°",
    "origin": {
      "x": 0.45,
      "y": 0,
      "z": 0,
    },
    "tolerance": {
      "x": 0.1,
      "y": 0.1,
      "z": 0.5,
    },
  },
  {
    "index": {
      "x": 6,
      "y": 3,
      "z": 0,
    },
    "label": "x:45° y:15° z:0°",
    "origin": {
      "x": 0.45,
      "y": 0.15,
      "z": 0,
    },
    "tolerance": {
      "x": 0.1,
      "y": 0.1,
      "z": 0.5,
    },
  },
  {
    "index": {
      "x": 6,
      "y": 4,
      "z": 0,
    },
    "label": "x:45° y:30° z:0°",
    "origin": {
      "x": 0.45,
      "y": 0.3,
      "z": 0,
    },
    "tolerance": {
      "x": 0.1,
      "y": 0.1,
      "z": 0.5,
    },
  },
]
`;
